line1 := "wg_key_****=\twg_priv_key_****=\t00000\toff\n"
line2 := "phone_key_****\t(none)\t0.0.0.0:0000\t0.0.0.0/00\t0000000\t0000000\t0000000\toff\n"
line3 := "desktop_key_****\t(none)\t(none)\t0.0.0.0/00\t0\t0\t0\toff\n"
stdout := line1 + line2 + line3
